[contact-sheet] 6 image(s), 3x2 -> /Users/garysheng/Documents/github-repos/hyperagentic-age/universe/candidates/witney/looks-2026-09-24/CONTACT-SHEET.png

[next] hyperagentic-age: A 91/100, 9 from 100
[next] after /abu:explore, what it makes possible:
  /abu:shoot-references (Recommended)
      Lock its plates, so every later render stops inventing it. worth up to 1 point(s), 20 open item(s).
  /abu:create-style-pack
      Fix the look in one place instead of re-describing it every render. no open item scored for it yet.
  /abu:on-brand-image
      Make one image through the adapter, so it carries provenance. no open item scored for it yet.
  Something you have made is not registered as a story over this canon
      2 full story/stories with NO canon/properties record, so they are invisible to casting sweeps: the-factory-manager, the-goldilocks-pace. worth up to 4 point(s).
  ...and 3 more verb(s) with open items; --max shows more.
[next] ASK THESE AS ONE AskUserQuestion, no preview, so Other stays visible.

[explore] 6 variants -> /Users/garysheng/Documents/github-repos/hyperagentic-age/universe/candidates/witney/looks-2026-09-24
  ok   A-late20s-afro-rust-sweater
  ok   B-mid30s-bob-glasses-navy-shirt
  ok   C-mid40s-silver-streak-bun-charcoal-turtleneck
  ok   D-early30s-long-braid-oatmeal-cardigan
  ok   E-mid50s-grey-pixie-terracotta-chore-coat
  ok   F-late20s-copper-shag-green-corduroy

[explore] staged in /Users/garysheng/Documents/github-repos/hyperagentic-age/universe/candidates/witney/looks-2026-09-24
[explore] every roll is KEPT. A render is not reproducible; never delete a candidate.
[explore] contact sheet: /Users/garysheng/Documents/github-repos/hyperagentic-age/universe/candidates/witney/looks-2026-09-24/CONTACT-SHEET.png
